2026-04-08 15:39:22.403 [batch-queue-worker] ERROR cheese-im-postmaster - 处理 ingress 事件批次失败: [Message(clientMsgId=smoke-a, serverMsgId=msg_1775633962265_1, senderId=u100, senderNickName=null, senderAvatar=null, receiverId=u200, groupId=null, content=[104, 101, 108, 108, 111, 32, 102, 114, 111, 109, 32, 117, 49, 48, 48], contentType=TEXT, chatType=SINGLE, sendTime=1775633962214, createTime=null, status=null, platformType=null, attributes=null, uniqueId=null, source=null, options=MessageOptions(needHistory=true, needConversation=true, needUnreadCount=true, needOnlinePush=true, needOfflinePush=true, senderSync=true, notification=true, needLastMessage=true), seq=null)]
java.lang.IndexOutOfBoundsException: Index 0 out of bounds for length 0
	at java.base/jdk.internal.util.Preconditions.outOfBounds(Preconditions.java:64)
	at java.base/jdk.internal.util.Preconditions.outOfBoundsCheckIndex(Preconditions.java:70)
	at java.base/jdk.internal.util.Preconditions.checkIndex(Preconditions.java:266)
	at java.base/java.util.Objects.checkIndex(Objects.java:361)
	at java.base/java.util.ArrayList.get(ArrayList.java:427)
	at com.cheeseocean.im.postmaster.listener.IngressEventListener.handleMessage(IngressEventListener.java:114)
	at com.cheeseocean.im.postmaster.listener.IngressEventListener.handle(IngressEventListener.java:82)
	at com.cheeseocean.im.postmaster.listener.IngressEventListener.onMessage(IngressEventListener.java:54)
	at java.base/jdk.internal.reflect.NativeMethodAccessorImpl.invoke0(Native Method)
	at java.base/jdk.internal.reflect.NativeMethodAccessorImpl.invoke(NativeMethodAccessorImpl.java:77)
	at java.base/jdk.internal.reflect.DelegatingMethodAccessorImpl.invoke(DelegatingMethodAccessorImpl.java:43)
	at java.base/java.lang.reflect.Method.invoke(Method.java:568)
	at org.springframework.util.ReflectionUtils.invokeMethod(ReflectionUtils.java:281)
	at com.cheeseocean.im.common.core.queue.processor.QueueListenerBeanPostProcessor.lambda$registerBatchListener$2(QueueListenerBeanPostProcessor.java:89)
	at com.cheeseocean.im.common.core.queue.BatchingMessageHandler.lambda$flush$2(BatchingMessageHandler.java:66)
	at java.base/java.util.concurrent.Executors$RunnableAdapter.call(Executors.java:539)
	at java.base/java.util.concurrent.FutureTask.run(FutureTask.java:264)
	at java.base/java.util.concurrent.ThreadPoolExecutor.runWorker(ThreadPoolExecutor.java:1136)
	at java.base/java.util.concurrent.ThreadPoolExecutor$Worker.run(ThreadPoolExecutor.java:635)
	at java.base/java.lang.Thread.run(Thread.java:840)
