2026-05-12 17:44:41.468 [main] INFO  c.c.im.common.core.startup.StartupSummaryRunner - 
==========================================================
 CheeseIM Startup Summary
  Application : cheese-im-postman
  Profile     : default
  Mode        : all-in-one
  HTTP        : http://127.0.0.1:18085
  Dubbo       : injvm-only
  WebSocket   : ws://localhost:5147/ws
  TCP         : tcp://localhost:5148
==========================================================
2026-05-12 18:03:02.885 [main] INFO  c.c.im.common.core.startup.StartupSummaryRunner - 
==========================================================
 CheeseIM Startup Summary
  Application : cheese-im-postman
  Profile     : default
  Mode        : all-in-one
  HTTP        : http://127.0.0.1:18085
  Dubbo       : injvm-only
  WebSocket   : ws://localhost:5147/ws
  TCP         : tcp://localhost:5148
==========================================================
